2025-08-04 13:41:30,087 - main - INFO - Request 1982398496992: OPTIONS http://localhost:3000/save-room-layout-guest
2025-08-04 13:41:30,087 - main - INFO - Request 1982398496992 completed in 0.000s - Status: 200
2025-08-04 13:41:30,100 - main - INFO - Request 1982398509856: POST http://localhost:3000/save-room-layout-guest
2025-08-04 13:41:30,552 - main - INFO - MongoDBï¿½ï¿½ ï¿½ï¿½ï¿½ï¿½ ï¿½Ï·ï¿½: 689039fa46f9b427c9096d5c
2025-08-04 13:41:30,562 - main - INFO - ï¿½ï¿½ ï¿½ï¿½ï¿½Ì¾Æ¿ï¿½ ï¿½ï¿½ï¿½ï¿½ ï¿½Ï·ï¿½ (ï¿½Ô½ï¿½Æ® - MongoDB)
2025-08-04 13:41:30,565 - main - INFO - Request 1982398509856 completed in 0.464s - Status: 200
2025-08-04 13:41:36,404 - main - INFO - Request 1982398512592: POST http://localhost:3000/save-room-layout-guest
2025-08-04 13:41:36,553 - main - INFO - MongoDBï¿½ï¿½ ï¿½ï¿½ï¿½ï¿½ ï¿½Ï·ï¿½: 68903a0046f9b427c9096d5d
2025-08-04 13:41:36,558 - main - INFO - ï¿½ï¿½ ï¿½ï¿½ï¿½Ì¾Æ¿ï¿½ ï¿½ï¿½ï¿½ï¿½ ï¿½Ï·ï¿½ (ï¿½Ô½ï¿½Æ® - MongoDB)
2025-08-04 13:41:36,559 - main - INFO - Request 1982398512592 completed in 0.156s - Status: 200
2025-08-06 12:22:24,300 - main - INFO - Request 2704080363520: OPTIONS http://localhost:3000/save-room-layout-guest
2025-08-06 12:22:24,300 - main - INFO - Request 2704080363520 completed in 0.000s - Status: 200
2025-08-06 12:22:24,302 - main - INFO - Request 2704080356080: POST http://localhost:3000/save-room-layout-guest
2025-08-06 12:22:24,302 - main - ERROR - Validation error: [{'type': 'missing', 'loc': ('body', 'scene'), 'msg': 'Field required', 'input': {'room_dimensions': {'width_cm': 332.5, 'height_cm': 230, 'depth_cm': 418.6}, 'furniture_3d': [{'name': 'Bed', 'type': 'bed', 'position': [75, 30, 100], 'rotation': [0, 0, 0]}, {'name': 'Desk', 'type': 'desk', 'position': [272.5, 37.5, 107.8596], 'rotation': [0, 0, 0]}], 'area_sqm': 13.91845, 'volume_cum': 32.012435, 'created_at': '2025-08-06T03:22:17.989Z', 'ai_generation_request': True}}]
2025-08-06 12:22:24,302 - main - INFO - Request 2704080356080 completed in 0.000s - Status: 422
2025-08-06 12:26:43,147 - main - INFO - Request 1971863279168: POST http://localhost:3000/save-room-layout-guest
2025-08-06 12:26:43,611 - main - INFO - MongoDBï¿½ï¿½ ï¿½ï¿½ï¿½ï¿½ ï¿½Ï·ï¿½: 6892cb73966337bf7b1b4bb1
2025-08-06 12:26:43,614 - main - INFO - ï¿½ï¿½ ï¿½ï¿½ï¿½Ì¾Æ¿ï¿½ ï¿½ï¿½ï¿½ï¿½ ï¿½Ï·ï¿½ (ï¿½Ô½ï¿½Æ® - MongoDB)
2025-08-06 12:26:43,614 - main - INFO - Request 1971863279168 completed in 0.467s - Status: 200
2025-08-06 12:30:17,942 - main - INFO - Request 1971863486288: POST http://localhost:3000/save-room-layout-guest
2025-08-06 12:30:18,076 - main - INFO - MongoDB¿¡ ÀúÀå ¿Ï·á: 6892cc49966337bf7b1b4bb2
2025-08-06 12:30:18,092 - main - INFO - ¹æ ·¹ÀÌ¾Æ¿ô ÀúÀå ¿Ï·á (°Ô½ºÆ® - MongoDB)
2025-08-06 12:30:18,092 - main - INFO - Request 1971863486288 completed in 0.150s - Status: 200
